============================================================
  Generated by:           Genus(TM) Synthesis Solution 20.11-s111_1
  Generated on:           Nov 15 2025  12:36:35 am
  Module:                 fpu_alu
  Operating conditions:   _nominal_ (balanced_tree)
  Wireload mode:          enclosed
  Area mode:              timing library
============================================================

                               
  Gate    Instances    Area        Library     
-----------------------------------------------
AND2X1           91    670.925    saed90nm_typ 
AND3X1           17    141.005    saed90nm_typ 
AND4X1            5     50.688    saed90nm_typ 
AO21X1           27    273.715    saed90nm_typ 
AO21X2            1     11.981    saed90nm_typ 
AO221X1          10    129.024    saed90nm_typ 
AO222X1          69   1017.446    saed90nm_typ 
AO22X1          102   1222.042    saed90nm_typ 
AOI21X1           4     47.923    saed90nm_typ 
AOI221X1          2     29.491    saed90nm_typ 
AOI222X1         10    156.672    saed90nm_typ 
AOI22X1          20    258.048    saed90nm_typ 
DFFARX1         111   3580.416    saed90nm_typ 
FADDX1           24    707.789    saed90nm_typ 
HADDX1            1     15.667    saed90nm_typ 
INVX0           134    740.966    saed90nm_typ 
INVX2             1      6.451    saed90nm_typ 
MUX21X1         317   3505.766    saed90nm_typ 
NAND2X0           3     16.589    saed90nm_typ 
NAND2X1          90    497.664    saed90nm_typ 
NAND3X0           8     58.982    saed90nm_typ 
NAND4X0          11     91.238    saed90nm_typ 
NOR2X0           69    381.542    saed90nm_typ 
NOR3X0           10     82.944    saed90nm_typ 
NOR4X0            9     82.944    saed90nm_typ 
OA21X1           14    129.024    saed90nm_typ 
OA221X1           5     64.512    saed90nm_typ 
OA222X1           4     58.982    saed90nm_typ 
OA22X1           54    597.197    saed90nm_typ 
OAI21X1           3     33.178    saed90nm_typ 
OAI221X1          5     73.728    saed90nm_typ 
OR2X1            14    103.219    saed90nm_typ 
OR3X1             1      9.216    saed90nm_typ 
OR4X1            24    243.302    saed90nm_typ 
XNOR2X1          23    317.952    saed90nm_typ 
XOR2X1            7     96.768    saed90nm_typ 
-----------------------------------------------
total          1300  15504.998                 


                                          
     Type      Instances    Area   Area % 
------------------------------------------
sequential           111  3580.416   23.1 
inverter             135   747.418    4.8 
logic               1054 11177.165   72.1 
physical_cells         0     0.000    0.0 
------------------------------------------
total               1300 15504.998  100.0 

