============================================================
  Generated by:           Genus(TM) Synthesis Solution 20.11-s111_1
  Generated on:           Nov 15 2025  12:35:48 am
  Module:                 fpu_alu
  Operating conditions:   _nominal_ (balanced_tree)
  Wireload mode:          enclosed
  Area mode:              timing library
============================================================


Path 1: MET (12396 ps) Setup Check with Pin a3_flag_out_dummy_reg[1]/CLK->D
          Group: clk
     Startpoint: (R) a1_b_out_dummy_reg[24]/CLK
          Clock: (R) clk
       Endpoint: (R) a3_flag_out_dummy_reg[1]/D
          Clock: (R) clk

                     Capture       Launch     
        Clock Edge:+   20000            0     
       Src Latency:+       0            0     
       Net Latency:+       0 (I)        0 (I) 
           Arrival:=   20000            0     
                                              
             Setup:-      93                  
       Uncertainty:-     200                  
     Required Time:=   19707                  
      Launch Clock:-       0                  
         Data Path:-    7311                  
             Slack:=   12396                  

#---------------------------------------------------------------------------------------------------------------------------
#                  Timing Point                   Flags    Arc    Edge   Cell     Fanout  Load Trans Delay Arrival Instance 
#                                                                                         (fF)  (ps)  (ps)   (ps)  Location 
#---------------------------------------------------------------------------------------------------------------------------
  a1_b_out_dummy_reg[24]/CLK                      -       -       R     (arrival)    111     -     0     0       0    (-,-) 
  a1_b_out_dummy_reg[24]/Q                        -       CLK->Q  F     DFFARX1        5  10.4    55   202     202    (-,-) 
  a2/g22212/ZN                                    -       INP->ZN R     INVX0          2   5.6    57    36     237    (-,-) 
  a2/g22187__5115/QN                              -       IN1->QN F     NAND2X1        5  13.0    80    52     289    (-,-) 
  a2/g22103__7410/QN                              -       IN2->QN R     NAND2X1        1   2.8    52    34     324    (-,-) 
  a2/g22097__9315/QN                              -       IN1->QN F     NAND2X1        2   6.6    53    37     361    (-,-) 
  a2/g22088__6131/QN                              -       IN1->QN R     NAND2X1        1   2.8    52    26     387    (-,-) 
  a2/g22052__3680/QN                              -       IN1->QN F     NAND2X1        2   5.4    49    34     421    (-,-) 
  a2/g22025__5122/QN                              -       IN1->QN R     NAND2X1        1   2.8    52    26     447    (-,-) 
  a2/g21997__8246/QN                              -       IN1->QN F     NAND2X1        2   6.6    57    37     484    (-,-) 
  a2/g21964__1705/QN                              -       IN1->QN R     NAND2X1        1   2.8    52    27     511    (-,-) 
  a2/g21953__5107/QN                              -       IN1->QN F     NAND2X1        2   4.7    50    32     544    (-,-) 
  a2/g21926__4319/QN                              -       IN1->QN R     NAND2X1        1   2.8    51    26     569    (-,-) 
  a2/g21922__2398/QN                              -       IN1->QN F     NAND2X1        1   2.8    42    28     597    (-,-) 
  a2/g21898__6783/QN                              -       IN1->QN R     NAND2X1        1   2.8    51    25     622    (-,-) 
  a2/g21883__6161/QN                              -       IN1->QN F     NAND2X1        1   2.8    41    28     649    (-,-) 
  a2/g21872__1617/QN                              -       IN1->QN R     NAND2X1        1   2.8    46    24     674    (-,-) 
  a2/g21867__4319/QN                              -       IN1->QN F     NAND2X1       34  76.0   332   179     853    (-,-) 
  a2/g21866/ZN                                    -       INP->ZN R     INVX0         27  50.0   376   224    1077    (-,-) 
  a2/g24108/QN                                    -       IN5->QN F     OAI221X1       2   4.4    36   139    1216    (-,-) 
  a2/g21860__7410/QN                              -       IN1->QN R     NOR2X0        18  35.1   306   146    1362    (-,-) 
  a2/g21850__7482/Q                               -       IN1->Q  R     AND2X1         2   4.3    49    98    1460    (-,-) 
  a2/a0_gt_282_27_g1069/ZN                        -       INP->ZN F     INVX0          1   1.8    29    22    1482    (-,-) 
  a2/g24064/Q                                     -       IN2->Q  F     AO21X1         1   1.9    32    73    1555    (-,-) 
  a2/g24063/Q                                     -       IN1->Q  F     AO21X1         1   1.9    32    70    1625    (-,-) 
  a2/g24062/Q                                     -       IN1->Q  F     AO21X1         1   1.9    32    70    1695    (-,-) 
  a2/g24061/Q                                     -       IN1->Q  F     AO21X1         1   1.9    32    70    1765    (-,-) 
  a2/a0_gt_282_27_g999__6783/Q                    -       IN2->Q  F     OA22X1         1   1.9    30    63    1828    (-,-) 
  a2/a0_gt_282_27_g998__5526/Q                    -       IN2->Q  F     OA22X1         1   1.9    30    62    1890    (-,-) 
  a2/a0_gt_282_27_g997__8428/Q                    -       IN2->Q  F     OA22X1         1   1.9    30    62    1952    (-,-) 
  a2/a0_gt_282_27_g996__4319/Q                    -       IN2->Q  F     OA22X1         1   1.9    30    62    2014    (-,-) 
  a2/a0_gt_282_27_g995__6260/Q                    -       IN2->Q  F     OA22X1         1   1.9    30    62    2077    (-,-) 
  a2/a0_gt_282_27_g994__5107/Q                    -       IN2->Q  F     OA22X1         1   1.9    30    62    2139    (-,-) 
  a2/a0_gt_282_27_g993__2398/Q                    -       IN2->Q  F     OA22X1         1   1.9    30    62    2201    (-,-) 
  a2/a0_gt_282_27_g992__5477/Q                    -       IN2->Q  F     OA22X1         1   1.9    30    62    2263    (-,-) 
  a2/a0_gt_282_27_g991__6417/Q                    -       IN2->Q  F     OA22X1         1   1.9    30    62    2325    (-,-) 
  a2/a0_gt_282_27_g990__7410/Q                    -       IN2->Q  F     OA22X1         1   1.9    30    62    2388    (-,-) 
  a2/a0_gt_282_27_g989__1666/Q                    -       IN2->Q  F     OA22X1         1   1.9    30    62    2450    (-,-) 
  a2/a0_gt_282_27_g988__2346/Q                    -       IN2->Q  F     OA22X1         1   1.9    30    62    2512    (-,-) 
  a2/a0_gt_282_27_g987__2883/Q                    -       IN2->Q  F     OA22X1         1   1.9    30    62    2574    (-,-) 
  a2/a0_gt_282_27_g986__9945/Q                    -       IN2->Q  F     OA22X1         1   1.9    30    62    2636    (-,-) 
  a2/a0_gt_282_27_g985__9315/Q                    -       IN2->Q  F     OA22X1         1   1.9    30    62    2699    (-,-) 
  a2/a0_gt_282_27_g984__6161/Q                    -       IN2->Q  F     OA22X1         1   1.9    30    62    2761    (-,-) 
  a2/a0_gt_282_27_g983__4733/Q                    -       IN2->Q  F     OA22X1         1   1.9    30    62    2823    (-,-) 
  a2/a0_gt_282_27_g982__7482/Q                    -       IN2->Q  F     OA22X1         1   1.9    30    62    2885    (-,-) 
  a2/a0_gt_282_27_g981__5115/Q                    -       IN2->Q  F     OA22X1         1   1.9    30    62    2947    (-,-) 
  a2/a0_gt_282_27_g980__1881/Q                    -       IN2->Q  F     OA22X1         1   1.9    30    62    3010    (-,-) 
  a2/a0_gt_282_27_g979__6131/Q                    -       IN2->Q  F     OA22X1         1   1.9    30    62    3072    (-,-) 
  a2/a0_gt_282_27_g978__7098/Q                    -       IN2->Q  F     OA22X1         1   1.9    30    62    3134    (-,-) 
  a2/a0_gt_282_27_g977__8246/Q                    -       IN2->Q  F     OA22X1         1   1.5    29    61    3195    (-,-) 
  a2/a0_gt_282_27_g976__5122/Q                    -       IN4->Q  F     OA222X1        1   1.8    49    91    3286    (-,-) 
  a2/a0_gt_282_27_g975__1705/Q                    -       IN3->Q  F     AO21X2        59 214.4   336   234    3520    (-,-) 
  a2/g13539__5122/Q                               -       S->Q    R     MUX21X1        1   2.9    45   110    3630    (-,-) 
  a2/g24112/QN                                    -       IN3->QN F     NOR3X0         1   1.5    66    51    3681    (-,-) 
  a2/g24111/Q                                     -       IN1->Q  F     AND4X1         1   2.5    41    81    3763    (-,-) 
  a2/g24074/QN                                    -       IN1->QN R     NAND3X0        1   2.5   125    30    3792    (-,-) 
  a2/g24073/QN                                    -       IN1->QN F     NOR2X0         1   3.1    61    46    3839    (-,-) 
  a2/g24038/C1                                    -       B0->C1  F     HADDX1         1   7.6    58   104    3943    (-,-) 
  a2/a0_sub_295_35_Y_a0_add_294_51_g1015__5526/CO -       CI->CO  F     FADDX1         1   7.6    51    98    4042    (-,-) 
  a2/a0_sub_295_35_Y_a0_add_294_51_g1014__8428/CO -       CI->CO  F     FADDX1         1   7.6    51    97    4139    (-,-) 
  a2/a0_sub_295_35_Y_a0_add_294_51_g1013__4319/CO -       CI->CO  F     FADDX1         1   7.6    51    97    4236    (-,-) 
  a2/a0_sub_295_35_Y_a0_add_294_51_g1012__6260/CO -       CI->CO  F     FADDX1         1   7.6    51    97    4333    (-,-) 
  a2/a0_sub_295_35_Y_a0_add_294_51_g1011__5107/CO -       CI->CO  F     FADDX1         1   7.6    51    97    4430    (-,-) 
  a2/a0_sub_295_35_Y_a0_add_294_51_g1010__2398/CO -       CI->CO  F     FADDX1         1   7.6    51    97    4528    (-,-) 
  a2/a0_sub_295_35_Y_a0_add_294_51_g1009__5477/CO -       CI->CO  F     FADDX1         1   7.6    51    97    4625    (-,-) 
  a2/a0_sub_295_35_Y_a0_add_294_51_g1008__6417/CO -       CI->CO  F     FADDX1         1   7.6    51    97    4722    (-,-) 
  a2/a0_sub_295_35_Y_a0_add_294_51_g1007__7410/CO -       CI->CO  F     FADDX1         1   7.6    51    97    4819    (-,-) 
  a2/a0_sub_295_35_Y_a0_add_294_51_g1006__1666/CO -       CI->CO  F     FADDX1         1   7.6    51    97    4916    (-,-) 
  a2/a0_sub_295_35_Y_a0_add_294_51_g1005__2346/CO -       CI->CO  F     FADDX1         1   7.6    51    97    5014    (-,-) 
  a2/a0_sub_295_35_Y_a0_add_294_51_g1004__2883/CO -       CI->CO  F     FADDX1         1   7.6    51    97    5111    (-,-) 
  a2/a0_sub_295_35_Y_a0_add_294_51_g1003__9945/CO -       CI->CO  F     FADDX1         1   7.6    51    97    5208    (-,-) 
  a2/a0_sub_295_35_Y_a0_add_294_51_g1002__9315/CO -       CI->CO  F     FADDX1         1   7.6    51    97    5305    (-,-) 
  a2/a0_sub_295_35_Y_a0_add_294_51_g1001__6161/CO -       CI->CO  F     FADDX1         1   7.6    51    97    5402    (-,-) 
  a2/a0_sub_295_35_Y_a0_add_294_51_g1000__4733/CO -       CI->CO  F     FADDX1         1   7.6    51    97    5500    (-,-) 
  a2/a0_sub_295_35_Y_a0_add_294_51_g999__7482/CO  -       CI->CO  F     FADDX1         1   7.6    51    97    5597    (-,-) 
  a2/a0_sub_295_35_Y_a0_add_294_51_g998__5115/CO  -       CI->CO  F     FADDX1         1   7.6    51    97    5694    (-,-) 
  a2/a0_sub_295_35_Y_a0_add_294_51_g997__1881/CO  -       CI->CO  F     FADDX1         1   7.6    51    97    5791    (-,-) 
  a2/a0_sub_295_35_Y_a0_add_294_51_g996__6131/CO  -       CI->CO  F     FADDX1         1   7.6    51    97    5888    (-,-) 
  a2/a0_sub_295_35_Y_a0_add_294_51_g995__7098/CO  -       CI->CO  F     FADDX1         1   7.6    51    97    5986    (-,-) 
  a2/a0_sub_295_35_Y_a0_add_294_51_g994__8246/CO  -       CI->CO  F     FADDX1         1   7.6    51    97    6083    (-,-) 
  a2/a0_sub_295_35_Y_a0_add_294_51_g993__5122/CO  -       CI->CO  F     FADDX1         1   7.6    51    97    6180    (-,-) 
  a2/a0_sub_295_35_Y_a0_add_294_51_g992__1705/CO  -       CI->CO  F     FADDX1         1   3.7    41    89    6268    (-,-) 
  a2/a0_sub_295_35_Y_a0_add_294_51_g991__2802/Q   -       S->Q    R     MUX21X1        3   7.2    63    79    6348    (-,-) 
  a2/g23970__6131/QN                              -       IN1->QN F     NOR2X0         1   1.7    45    32    6380    (-,-) 
  a2/g23671__4733/Q                               -       IN1->Q  F     AND2X1        32  64.1   212   157    6537    (-,-) 
  a2/g23667/ZN                                    -       INP->ZN R     INVX0          5   8.2   111    65    6602    (-,-) 
  a2/g23657__3680/QN                              -       IN2->QN F     NAND2X0        1   2.1    64    40    6642    (-,-) 
  a2/g23629__7098/Q                               -       IN1->Q  F     MUX21X1        4   8.5    65    85    6726    (-,-) 
  a2/g23566__1617/QN                              -       IN1->QN R     NOR2X0         1   1.7    55    30    6756    (-,-) 
  a2/g24123/Q                                     -       IN2->Q  R     OA21X1         1   1.7    36    74    6830    (-,-) 
  a2/g24122/Q                                     -       IN2->Q  R     OA21X1         1   1.6    35    70    6900    (-,-) 
  a2/g24118/Q                                     -       IN1->Q  R     OA21X1         1   3.0    39    85    6984    (-,-) 
  a2/g24043/Q                                     -       IN3->Q  R     OR3X1          1   1.8    33    75    7059    (-,-) 
  a2/g24040/Q                                     -       IN1->Q  R     AO21X1         1   1.7    35    72    7131    (-,-) 
  a2/g24039/Q                                     -       IN2->Q  R     OA21X1         1   1.7    35    70    7201    (-,-) 
  a2/g23494__3680/QN                              -       IN2->QN F     OAI21X1        1   2.1    24    87    7288    (-,-) 
  a2/g23492__5526/QN                              -       IN1->QN R     NOR2X0         1   1.5    55    23    7311    (-,-) 
  a3_flag_out_dummy_reg[1]/D                      <<<     -       R     DFFARX1        1     -     -     0    7311    (-,-) 
#---------------------------------------------------------------------------------------------------------------------------

